// Jest Snapshot v1, https://goo.gl/fbAQLP

exports[`should render ExpenseListItem with a expense 1`] = `
<div>
  <Link
    to="/edit/1"
  >
    <h1>
      Gum
    </h1>
  </Link>
  <p>
    195
     - 
  </p>
</div>
`;
